excalidraw+mermaid-live-editor+vuejs-docs+monkeytype: 1202 пар, 115 признаков

ПЕРЕНОС МЕЖДУ ПРОЕКТАМИ (обучение на остальных, проверка на отложенном; _rank — перцентили внутри репозитория)

== проверка: excalidraw (532 пар), обучение: mermaid-live-editor, vuejs-docs, monkeytype
  [any] регрессий: обучение 19, проверка 6; PR-AUC случайного ≈ 0.011  ⚠ <10 в проверке
    модель         PR-AUC             ROC-AUC            R@20%              R@20%LOC
    random         0.01 [0.01; 0.02]  0.41 [0.20; 0.63]  0.00 [0.00; 0.00]      0.00
    bundle         0.10 [0.02; 0.41]  0.63 [0.28; 0.96]  0.67 [0.33; 1.00]      0.17
    size           0.16 [0.06; 0.53]  0.92 [0.86; 0.98]  0.83 [0.50; 1.00]      0.00
    logreg         0.09 [0.02; 0.39]  0.70 [0.39; 0.96]  0.50 [0.17; 1.00]      0.50
    logreg_rank    0.17 [0.06; 0.45]  0.89 [0.75; 0.99]  0.83 [0.50; 1.00]      0.67
    forest         0.22 [0.09; 0.61]  0.94 [0.86; 0.99]  0.83 [0.50; 1.00]      0.50
    forest_rank    0.22 [0.09; 0.60]  0.92 [0.81; 0.99]  0.83 [0.50; 1.00]      0.67
    lightgbm       0.10 [0.05; 0.35]  0.91 [0.85; 0.96]  1.00 [0.67; 1.00]      0.33
    lightgbm_rank  0.22 [0.06; 0.61]  0.88 [0.73; 0.98]  0.83 [0.50; 1.00]      0.50
    модель − «size» (95% интервал разности; доля выборок, где модель не лучше), B=1000:
      logreg         pr_auc -0.38…+0.17 (79%)   recall@20% -0.67…+0.00 (100%)
      logreg_rank    pr_auc -0.27…+0.20 (54%)   recall@20% -0.17…+0.00 (100%)
      forest         pr_auc -0.17…+0.36 (26%)   recall@20% -0.17…+0.00 (100%)
      forest_rank    pr_auc -0.28…+0.41 (35%)   recall@20% -0.17…+0.00 (100%)
      lightgbm       pr_auc -0.34…+0.13 (77%)   recall@20% -0.33…+0.50 (44%)
      lightgbm_rank  pr_auc -0.20…+0.33 (32%)   recall@20% -0.17…+0.00 (100%)
  [lcp] регрессий: обучение 6, проверка 5; PR-AUC случайного ≈ 0.009  ⚠ <10 в проверке
    модель         PR-AUC             ROC-AUC            R@20%              R@20%LOC
    random         0.01               0.40               0.00                   0.00
    bundle         0.03               0.55               0.60                   0.00
    size           0.15               0.91               0.80                   0.00
    logreg         0.05               0.65               0.60                   0.20
    logreg_rank    0.07               0.85               0.80                   0.40
    forest         0.07               0.91               1.00                   0.20
    forest_rank    0.13               0.88               0.60                   0.40
    lightgbm       0.05               0.89               1.00                   0.20
    lightgbm_rank  0.06               0.87               0.60                   0.20
  [inp] регрессий: обучение 2, проверка 0 — нечего оценивать
  [cls] регрессий: обучение 2, проверка 0 — нечего оценивать
  [tbt] регрессий: обучение 9, проверка 1; PR-AUC случайного ≈ 0.002  ⚠ <10 в проверке
    модель         PR-AUC             ROC-AUC            R@20%              R@20%LOC
    random         0.00               0.46               0.00                   0.00
    bundle         0.33               1.00               1.00                   1.00
    size           0.07               0.97               1.00                   0.00
    logreg         0.00               0.48               0.00                   1.00
    logreg_rank    0.11               0.99               1.00                   1.00
    forest         0.50               1.00               1.00                   1.00
    forest_rank    0.09               0.98               1.00                   1.00
    lightgbm       0.06               0.97               1.00                   1.00
    lightgbm_rank  0.01               0.86               1.00                   0.00
  [tbtFlow] регрессий: обучение 6, проверка 0 — нечего оценивать
  [lcpObs] регрессий: обучение 3, проверка 3; PR-AUC случайного ≈ 0.006  ⚠ <10 в проверке
    модель         PR-AUC             ROC-AUC            R@20%              R@20%LOC
    random         0.00               0.17               0.00                   0.00
    bundle         0.05               0.92               1.00                   0.00
    size           0.13               0.90               0.67                   0.00
    logreg         0.03               0.66               0.67                   0.33
    logreg_rank    0.17               0.87               0.67                   0.67
    forest         0.06               0.88               0.67                   0.33
    forest_rank    0.07               0.93               1.00                   0.33
    lightgbm       0.08               0.94               1.00                   0.33
    lightgbm_rank  0.05               0.91               1.00                   0.00

== проверка: mermaid-live-editor (150 пар), обучение: excalidraw, vuejs-docs, monkeytype
  [any] регрессий: обучение 14, проверка 11; PR-AUC случайного ≈ 0.073
    модель         PR-AUC             ROC-AUC            R@20%              R@20%LOC
    random         0.06 [0.06; 0.09]  0.42 [0.29; 0.54]  0.00 [0.00; 0.18]      0.00
    bundle         0.32 [0.13; 0.60]  0.70 [0.48; 0.89]  0.55 [0.27; 0.82]      0.18
    size           0.29 [0.15; 0.60]  0.74 [0.57; 0.90]  0.55 [0.27; 0.82]      0.00
    logreg         0.16 [0.06; 0.39]  0.44 [0.25; 0.66]  0.18 [0.00; 0.45]      0.09
    logreg_rank    0.09 [0.06; 0.17]  0.52 [0.34; 0.67]  0.09 [0.00; 0.27]      0.09
    forest         0.19 [0.11; 0.43]  0.72 [0.54; 0.88]  0.45 [0.18; 0.73]      0.00
    forest_rank    0.40 [0.17; 0.69]  0.74 [0.55; 0.91]  0.55 [0.27; 0.82]      0.18
    lightgbm       0.16 [0.09; 0.38]  0.68 [0.50; 0.85]  0.45 [0.18; 0.73]      0.09
    lightgbm_rank  0.19 [0.12; 0.43]  0.75 [0.61; 0.88]  0.55 [0.27; 0.82]      0.00
    модель − «bundle» (95% интервал разности; доля выборок, где модель не лучше), B=1000:
      logreg         pr_auc -0.51…+0.18 (83%)   recall@20% -0.73…+0.00 (98%)
      logreg_rank    pr_auc -0.49…-0.05 (100%)   recall@20% -0.73…-0.09 (100%)
      forest         pr_auc -0.32…+0.14 (84%)   recall@20% -0.45…+0.18 (79%)
      forest_rank    pr_auc -0.19…+0.32 (30%)   recall@20% -0.36…+0.36 (59%)
      lightgbm       pr_auc -0.38…+0.07 (90%)   recall@20% -0.45…+0.27 (74%)
      lightgbm_rank  pr_auc -0.33…+0.10 (86%)   recall@20% -0.36…+0.27 (67%)
  [lcp] регрессий: обучение 7, проверка 4; PR-AUC случайного ≈ 0.027  ⚠ <10 в проверке
    модель         PR-AUC             ROC-AUC            R@20%              R@20%LOC
    random         0.03               0.39               0.00                   0.00
    bundle         0.46               0.93               0.75                   0.50
    size           0.28               0.87               0.75                   0.00
    logreg         0.27               0.37               0.25                   0.25
    logreg_rank    0.27               0.43               0.25                   0.25
    forest         0.19               0.90               0.75                   0.00
    forest_rank    0.29               0.92               0.75                   0.25
    lightgbm       0.13               0.84               0.75                   0.00
    lightgbm_rank  0.35               0.82               0.75                   0.25
  [inp] регрессий: обучение 0, проверка 2 — нечего оценивать
  [cls] регрессий: обучение 1, проверка 1; PR-AUC случайного ≈ 0.007  ⚠ <10 в проверке
    модель         PR-AUC             ROC-AUC            R@20%              R@20%LOC
    random         0.01               0.36               0.00                   0.00
    bundle         0.20               0.97               1.00                   0.00
    size           0.33               0.99               1.00                   0.00
    logreg         0.01               0.01               0.00                   0.00
    logreg_rank    0.01               0.00               0.00                   0.00
    forest         0.04               0.82               1.00                   0.00
    forest_rank    0.11               0.95               1.00                   0.00
    lightgbm       0.08               0.93               1.00                   0.00
    lightgbm_rank  0.04               0.83               1.00                   0.00
  [tbt] регрессий: обучение 7, проверка 3; PR-AUC случайного ≈ 0.020  ⚠ <10 в проверке
    модель         PR-AUC             ROC-AUC            R@20%              R@20%LOC
    random         0.02               0.42               0.00                   0.00
    bundle         0.08               0.48               0.33                   0.00
    size           0.16               0.68               0.67                   0.00
    logreg         0.35               0.55               0.33                   0.33
    logreg_rank    0.04               0.61               0.33                   0.00
    forest         0.34               0.69               0.67                   0.00
    forest_rank    0.11               0.80               0.67                   0.00
    lightgbm       0.07               0.59               0.33                   0.00
    lightgbm_rank  0.22               0.74               0.67                   0.33
  [tbtFlow] регрессий: обучение 1, проверка 5; PR-AUC случайного ≈ 0.033  ⚠ <10 в проверке
    модель         PR-AUC             ROC-AUC            R@20%              R@20%LOC
    random         0.03               0.41               0.00                   0.00
    bundle         0.05               0.49               0.40                   0.00
    size           0.07               0.69               0.40                   0.00
    logreg         0.05               0.58               0.20                   0.00
    logreg_rank    0.04               0.50               0.20                   0.00
    forest         0.05               0.52               0.40                   0.00
    forest_rank    0.03               0.45               0.00                   0.00
    lightgbm       0.05               0.46               0.40                   0.00
    lightgbm_rank  0.04               0.30               0.20                   0.00
  [lcpObs] регрессий: обучение 5, проверка 1; PR-AUC случайного ≈ 0.007  ⚠ <10 в проверке
    модель         PR-AUC             ROC-AUC            R@20%              R@20%LOC
    random         0.01               0.50               0.00                   0.00
    bundle         0.05               0.86               1.00                   0.00
    size           0.02               0.57               0.00                   0.00
    logreg         0.01               0.44               0.00                   1.00
    logreg_rank    0.01               0.46               0.00                   0.00
    forest         0.08               0.92               1.00                   0.00
    forest_rank    0.01               0.36               0.00                   0.00
    lightgbm       0.06               0.89               1.00                   0.00
    lightgbm_rank  0.01               0.32               0.00                   0.00

== проверка: vuejs-docs (286 пар), обучение: excalidraw, mermaid-live-editor, monkeytype
  [any] регрессий: обучение 22, проверка 3; PR-AUC случайного ≈ 0.010  ⚠ <10 в проверке
    модель         PR-AUC             ROC-AUC            R@20%              R@20%LOC
    random         0.01 [0.01; 0.02]  0.31 [0.26; 0.37]  0.00 [0.00; 0.00]      0.00
    bundle         0.02 [0.01; 0.12]  0.44 [0.00; 0.92]  0.33 [0.00; 1.00]      0.00
    size           0.08 [0.03; 0.36]  0.86 [0.73; 0.98]  0.67 [0.00; 1.00]      0.00
    logreg         0.01 [0.01; 0.02]  0.46 [0.27; 0.62]  0.00 [0.00; 0.00]      0.00
    logreg_rank    0.03 [0.02; 0.14]  0.69 [0.45; 0.90]  0.33 [0.00; 0.67]      0.00
    forest         0.04 [0.02; 0.23]  0.70 [0.46; 0.96]  0.33 [0.00; 1.00]      0.00
    forest_rank    0.16 [0.06; 0.60]  0.92 [0.83; 0.99]  1.00 [0.33; 1.00]      0.00
    lightgbm       0.04 [0.01; 0.17]  0.61 [0.28; 0.94]  0.33 [0.00; 1.00]      0.00
    lightgbm_rank  0.37 [0.02; 1.00]  0.76 [0.48; 1.00]  0.67 [0.33; 1.00]      0.33
    модель − «size» (95% интервал разности; доля выборок, где модель не лучше), B=1000:
      logreg         pr_auc -0.35…-0.01 (100%)   recall@20% -1.00…+0.00 (100%)
      logreg_rank    pr_auc -0.32…+0.10 (74%)   recall@20% -1.00…+0.35 (76%)
      forest         pr_auc -0.18…+0.02 (95%)   recall@20% -1.00…+0.00 (100%)
      forest_rank    pr_auc +0.02…+0.33 (0%)   recall@20% +0.00…+0.67 (59%)
      lightgbm       pr_auc -0.21…-0.02 (100%)   recall@20% -1.00…+0.00 (100%)
      lightgbm_rank  pr_auc -0.01…+0.62 (11%)   recall@20% +0.00…+0.00 (100%)
  [lcp] регрессий: обучение 10, проверка 1; PR-AUC случайного ≈ 0.003  ⚠ <10 в проверке
    модель         PR-AUC             ROC-AUC            R@20%              R@20%LOC
    random         0.01               0.32               0.00                   0.00
    bundle         0.05               0.93               1.00                   0.00
    size           0.03               0.87               1.00                   0.00
    logreg         0.06               0.94               1.00                   0.00
    logreg_rank    0.14               0.98               1.00                   0.00
    forest         0.04               0.91               1.00                   0.00
    forest_rank    0.17               0.98               1.00                   0.00
    lightgbm       0.11               0.97               1.00                   0.00
    lightgbm_rank  0.17               0.98               1.00                   0.00
  [inp] регрессий: обучение 2, проверка 0 — нечего оценивать
  [cls] регрессий: обучение 1, проверка 1; PR-AUC случайного ≈ 0.003  ⚠ <10 в проверке
    модель         PR-AUC             ROC-AUC            R@20%              R@20%LOC
    random         0.01               0.34               0.00                   0.00
    bundle         0.00               0.00               0.00                   0.00
    size           0.14               0.98               1.00                   0.00
    logreg         0.00               0.03               0.00                   0.00
    logreg_rank    0.00               0.02               0.00                   0.00
    forest         0.00               0.47               0.00                   0.00
    forest_rank    0.00               0.46               0.00                   0.00
    lightgbm       0.00               0.11               0.00                   0.00
    lightgbm_rank  0.00               0.02               0.00                   0.00
  [tbt] регрессий: обучение 8, проверка 2; PR-AUC случайного ≈ 0.007  ⚠ <10 в проверке
    модель         PR-AUC             ROC-AUC            R@20%              R@20%LOC
    random         0.01               0.31               0.00                   0.00
    bundle         0.01               0.20               0.00                   0.00
    size           0.08               0.85               0.50                   0.00
    logreg         0.02               0.79               0.50                   0.00
    logreg_rank    0.08               0.55               0.50                   0.50
    forest         0.05               0.57               0.50                   0.50
    forest_rank    0.04               0.76               0.50                   0.00
    lightgbm       0.01               0.25               0.00                   0.00
    lightgbm_rank  0.02               0.68               0.50                   0.00
  [tbtFlow] регрессий: обучение 6, проверка 0 — нечего оценивать
  [lcpObs] регрессий: обучение 4, проверка 2; PR-AUC случайного ≈ 0.007  ⚠ <10 в проверке
    модель         PR-AUC             ROC-AUC            R@20%              R@20%LOC
    random         0.01               0.50               0.00                   0.00
    bundle         0.05               0.91               1.00                   0.00
    size           0.05               0.91               1.00                   0.00
    logreg         0.06               0.92               1.00                   1.00
    logreg_rank    0.19               0.91               1.00                   0.50
    forest         0.39               0.99               1.00                   0.50
    forest_rank    0.21               0.98               1.00                   1.00
    lightgbm       0.21               0.98               1.00                   0.00
    lightgbm_rank  0.20               0.98               1.00                   1.00

== проверка: monkeytype (234 пар), обучение: excalidraw, mermaid-live-editor, vuejs-docs
  [any] регрессий: обучение 20, проверка 5; PR-AUC случайного ≈ 0.021  ⚠ <10 в проверке
    модель         PR-AUC             ROC-AUC            R@20%              R@20%LOC
    random         0.03 [0.02; 0.05]  0.52 [0.37; 0.70]  0.00 [0.00; 0.40]      0.00
    bundle         0.02 [0.02; 0.02]  0.50 [0.50; 0.50]  0.00 [0.00; 0.60]      0.20
    size           0.19 [0.11; 0.52]  0.94 [0.88; 0.98]  1.00 [0.80; 1.00]      0.00
    logreg         0.40 [0.08; 0.82]  0.83 [0.63; 0.99]  0.60 [0.20; 1.00]      0.20
    logreg_rank    0.05 [0.03; 0.10]  0.71 [0.50; 0.88]  0.60 [0.00; 1.00]      0.20
    forest         0.36 [0.22; 0.83]  0.97 [0.94; 1.00]  1.00 [1.00; 1.00]      0.00
    forest_rank    0.34 [0.13; 0.82]  0.91 [0.76; 0.99]  0.80 [0.40; 1.00]      0.20
    lightgbm       0.44 [0.14; 0.84]  0.93 [0.83; 0.99]  0.80 [0.40; 1.00]      0.60
    lightgbm_rank  0.53 [0.19; 0.93]  0.92 [0.78; 1.00]  0.80 [0.40; 1.00]      0.60
    модель − «size» (95% интервал разности; доля выборок, где модель не лучше), B=1000:
      logreg         pr_auc -0.16…+0.57 (19%)   recall@20% -0.80…+0.00 (100%)
      logreg_rank    pr_auc -0.46…-0.07 (100%)   recall@20% -1.00…+0.00 (100%)
      forest         pr_auc -0.00…+0.47 (3%)   recall@20% +0.00…+0.20 (95%)
      forest_rank    pr_auc -0.01…+0.42 (3%)   recall@20% -0.60…+0.00 (100%)
      lightgbm       pr_auc -0.15…+0.61 (16%)   recall@20% -0.60…+0.00 (100%)
      lightgbm_rank  pr_auc +0.03…+0.63 (1%)   recall@20% -0.60…+0.00 (100%)
  [lcp] регрессий: обучение 10, проверка 1; PR-AUC случайного ≈ 0.004  ⚠ <10 в проверке
    модель         PR-AUC             ROC-AUC            R@20%              R@20%LOC
    random         0.01               0.40               0.00                   0.00
    bundle         0.00               0.50               0.00                   1.00
    size           0.09               0.96               1.00                   0.00
    logreg         0.50               1.00               1.00                   1.00
    logreg_rank    0.02               0.75               0.00                   0.00
    forest         0.11               0.97               1.00                   0.00
    forest_rank    0.10               0.96               1.00                   0.00
    lightgbm       0.14               0.97               1.00                   0.00
    lightgbm_rank  0.25               0.99               1.00                   1.00
  [inp] регрессий: обучение 2, проверка 0 — нечего оценивать
  [cls] регрессий: обучение 2, проверка 0 — нечего оценивать
  [tbt] регрессий: обучение 6, проверка 4; PR-AUC случайного ≈ 0.017  ⚠ <10 в проверке
    модель         PR-AUC             ROC-AUC            R@20%              R@20%LOC
    random         0.02               0.55               0.00                   0.00
    bundle         0.02               0.50               0.00                   0.00
    size           0.16               0.93               1.00                   0.00
    logreg         0.31               0.79               0.75                   0.00
    logreg_rank    0.04               0.64               0.50                   0.25
    forest         0.12               0.88               0.75                   0.00
    forest_rank    0.16               0.83               0.75                   0.00
    lightgbm       0.22               0.83               0.75                   0.25
    lightgbm_rank  0.34               0.88               0.75                   0.25
  [tbtFlow] регрессий: обучение 5, проверка 1; PR-AUC случайного ≈ 0.004  ⚠ <10 в проверке
    модель         PR-AUC             ROC-AUC            R@20%              R@20%LOC
    random         0.01               0.40               0.00                   0.00
    bundle         0.00               0.50               0.00                   1.00
    size           0.09               0.96               1.00                   0.00
    logreg         0.00               0.01               0.00                   0.00
    logreg_rank    0.00               0.00               0.00                   0.00
    forest         0.33               0.99               1.00                   1.00
    forest_rank    0.01               0.41               0.00                   0.00
    lightgbm       0.33               0.99               1.00                   1.00
    lightgbm_rank  0.03               0.85               1.00                   0.00
  [lcpObs] регрессий: обучение 6, проверка 0 — нечего оценивать

→ E:\diplom\ml\results\cross-excalidraw+mermaid-live-editor+vuejs-docs+monkeytype.json
